#
#  Linker script for NI6601 library
#
#  Copyright (C) 2002-2014  Jens Thoms Toerring
#
#  This program is free software; you can redistribute it and/or modify
#  it under the terms of the GNU General Public License as published by
#  the Free Software Foundation; either version 2 of the License, or
#  (at your option) any later version.
#
#  This program is distributed in the hope that it will be useful,
#  but WITHOUT ANY WARRANTY; without even the implied warranty of
#  MERCHANTABILITY or FITNESS FOR A PARTICULAR PURPOSE.  See the
#  GNU General Public License for more details.
#
#  You should have received a copy of the GNU General Public License
#  along with this program; if not, write to the Free Software
#  Foundation, Inc., 59 Temple Place, Suite 330, Boston, MA  02111-1307  USA
#
#  To contact the author send email to:  jt@toerring.de


NI6601_LIB_1.0 {

    global:
            ni6601_close;
            ni6601_start_counter;
            ni6601_start_gated_counter;
            ni6601_stop_counter;
            ni6601_get_count;
            ni6601_generate_continuous_pulses;
            ni6601_stop_pulses;
            ni6601_generate_single_pulse;
            ni6601_dio_write;
            ni6601_dio_read;
            ni6601_is_counter_armed;
            ni6601_perror;
            ni6601_strerror;
            ni6601_errlist;
            ni6601_nerr;

    local: *;
};
